// Jest Snapshot v1, https://goo.gl/fbAQLP

exports[`Ingredient matches the snapshot 1`] = `
ShallowWrapper {
  "length": 1,
  Symbol(enzyme.__root__): [Circular],
  Symbol(enzyme.__unrendered__): <Ingredient
    addIngredient={[Function]}
    inInventory="false"
    removeIngredient={[Function]}
/>,
  Symbol(enzyme.__renderer__): Object {
    "batchedUpdates": [Function],
    "getNode": [Function],
    "render": [Function],
    "simulateEvent": [Function],
    "unmount": [Function],
  },
  Symbol(enzyme.__node__): Object {
    "instance": null,
    "key": undefined,
    "nodeType": "host",
    "props": Object {
      "children": Array [
        <input
          checked="false"
          onChange={[Function]}
          type="checkbox"
          value={undefined}
/>,
        <span>
           
</span>,
      ],
      "className": "ingredient",
    },
    "ref": null,
    "rendered": Array [
      Object {
        "instance": null,
        "key": undefined,
        "nodeType": "host",
        "props": Object {
          "checked": "false",
          "onChange": [Function],
          "type": "checkbox",
          "value": undefined,
        },
        "ref": null,
        "rendered": null,
        "type": "input",
      },
      Object {
        "instance": null,
        "key": undefined,
        "nodeType": "host",
        "props": Object {
          "children": Array [
            " ",
            undefined,
          ],
        },
        "ref": null,
        "rendered": Array [
          " ",
          undefined,
        ],
        "type": "span",
      },
    ],
    "type": "li",
  },
  Symbol(enzyme.__nodes__): Array [
    Object {
      "instance": null,
      "key": undefined,
      "nodeType": "host",
      "props": Object {
        "children": Array [
          <input
            checked="false"
            onChange={[Function]}
            type="checkbox"
            value={undefined}
/>,
          <span>
             
</span>,
        ],
        "className": "ingredient",
      },
      "ref": null,
      "rendered": Array [
        Object {
          "instance": null,
          "key": undefined,
          "nodeType": "host",
          "props": Object {
            "checked": "false",
            "onChange": [Function],
            "type": "checkbox",
            "value": undefined,
          },
          "ref": null,
          "rendered": null,
          "type": "input",
        },
        Object {
          "instance": null,
          "key": undefined,
          "nodeType": "host",
          "props": Object {
            "children": Array [
              " ",
              undefined,
            ],
          },
          "ref": null,
          "rendered": Array [
            " ",
            undefined,
          ],
          "type": "span",
        },
      ],
      "type": "li",
    },
  ],
  Symbol(enzyme.__options__): Object {
    "adapter": ReactSixteenAdapter {
      "options": Object {
        "enableComponentDidUpdateOnSetState": true,
      },
    },
  },
}
`;
